// Vitest Snapshot v1, https://vitest.dev/guide/snapshot.html

exports[`HomePage > should start the page with a loading screen 1`] = `
<body>
  <div>
    <div>
      <title
        id="title"
      >
        Pokemon Home
      </title>
      <meta
        content="Welcome to pokemon demo home page"
        name="description"
      />
      <div
        class="flex items-center justify-center"
      >
        <div
          role="status"
        >
          <svg
            aria-hidden="true"
            class="inline w-10 h-10 text-gray-200 animate-spin dark:text-gray-600 fill-blue-600"
            fill="none"
            viewBox="0 0 100 101"
            xmlns="http://www.w3.org/2000/svg"
          >
            <path
              d="M100 50.5908C100 78.2051 77.6142 100.591 50 100.591C22.3858 100.591 0 78.2051 0 50.5908C0 22.9766 22.3858 0.59082 50 0.59082C77.6142 0.59082 100 22.9766 100 50.5908ZM9.08144 50.5908C9.08144 73.1895 27.4013 91.5094 50 91.5094C72.5987 91.5094 90.9186 73.1895 90.9186 50.5908C90.9186 27.9921 72.5987 9.67226 50 9.67226C27.4013 9.67226 9.08144 27.9921 9.08144 50.5908Z"
              fill="currentColor"
            />
            <path
              d="M93.9676 39.0409C96.393 38.4038 97.8624 35.9116 97.0079 33.5539C95.2932 28.8227 92.871 24.3692 89.8167 20.348C85.8452 15.1192 80.8826 10.7238 75.2124 7.41289C69.5422 4.10194 63.2754 1.94025 56.7698 1.05124C51.7666 0.367541 46.6976 0.446843 41.7345 1.27873C39.2613 1.69328 37.813 4.19778 38.4501 6.62326C39.0873 9.04874 41.5694 10.4717 44.0505 10.1071C47.8511 9.54855 51.7191 9.52689 55.5402 10.0491C60.8642 10.7766 65.9928 12.5457 70.6331 15.2552C75.2735 17.9648 79.3347 21.5619 82.5849 25.841C84.9175 28.9121 86.7997 32.2913 88.1811 35.8758C89.083 38.2158 91.5421 39.6781 93.9676 39.0409Z"
              fill="currentFill"
            />
          </svg>
          <span
            class="sr-only"
          >
            Loading...
          </span>
        </div>
      </div>
    </div>
  </div>
</body>
`;

exports[`HomePage > should start the page with a loading screen 2`] = `
<body>
  <div>
    <div>
      <title
        id="title"
      >
        Pokemon Home
      </title>
      <meta
        content="Welcome to pokemon demo home page"
        name="description"
      />
      <div>
        <div
          class="flex flex-row items-center justify-center mb-4"
        >
          <div>
            <div
              class="max-w-md mx-auto min-w-80"
            >
              <label
                class="mb-2 text-sm font-medium text-gray-900 sr-only"
              >
                Search
              </label>
              <div
                class="relative"
              >
                <div
                  class="absolute inset-y-0 start-0 flex items-center ps-3 pointer-events-none"
                >
                  <svg
                    aria-hidden="true"
                    class="w-4 h-4 text-gray-500"
                    fill="none"
                    viewBox="0 0 20 20"
                    xmlns="http://www.w3.org/2000/svg"
                  >
                    <path
                      d="m19 19-4-4m0-7A7 7 0 1 1 1 8a7 7 0 0 1 14 0Z"
                      stroke="currentColor"
                      stroke-linecap="round"
                      stroke-linejoin="round"
                      stroke-width="2"
                    />
                  </svg>
                </div>
                <input
                  class="block w-full p-4 ps-10 text-sm text-gray-900 border border-gray-300 rounded-lg bg-gray-50 focus:ring-emerald-600 focus:border-emerald-600"
                  id="default-search"
                  placeholder="Search Pika, Chari..."
                  type="search"
                />
                <button
                  class="text-white absolute end-2.5 bottom-2.5 bg-emerald-800 hover:bg-emerald-900 focus:ring-4 focus:outline-none focus:ring-emerald-400 font-medium rounded-lg text-sm px-4 py-2"
                  type="submit"
                >
                  Search
                </button>
              </div>
            </div>
          </div>
          <div
            class="ml-2"
          >
            <button
              class="inline-flex items-center p-2 text-sm font-medium text-center text-gray-900 bg-white rounded-lg hover:bg-gray-100 focus:ring-4 focus:outline-none"
              id="dropdownMenuIconButton"
              type="button"
            >
              <svg
                aria-hidden="true"
                class="w-5 h-5"
                fill="currentColor"
                viewBox="0 0 4 15"
                xmlns="http://www.w3.org/2000/svg"
              >
                <path
                  d="M3.5 1.5a1.5 1.5 0 1 1-3 0 1.5 1.5 0 0 1 3 0Zm0 6.041a1.5 1.5 0 1 1-3 0 1.5 1.5 0 0 1 3 0Zm0 5.959a1.5 1.5 0 1 1-3 0 1.5 1.5 0 0 1 3 0Z"
                />
              </svg>
            </button>
            <div
              class="z-10 hidden bg-white divide-y divide-gray-100 rounded-lg shadow w-44"
              id="dropdownDots"
            >
              <ul
                aria-labelledby="dropdownMenuIconButton"
                class="py-2 text-sm text-gray-700"
              >
                <li>
                  <span
                    class="block px-4 py-2 hover:bg-gray-100"
                  >
                    By Index
                  </span>
                </li>
                <li>
                  <span
                    class="block px-4 py-2 hover:bg-gray-100"
                  >
                    By Name A-Z
                  </span>
                </li>
                <li>
                  <span
                    class="block px-4 py-2 hover:bg-gray-100"
                  >
                    By Name Z-A
                  </span>
                </li>
              </ul>
              <div
                class="py-2"
              >
                <span
                  class="block px-4 py-2 text-sm text-gray-700 hover:bg-gray-100"
                >
                  By Base stat
                </span>
              </div>
            </div>
          </div>
        </div>
        <div
          class="grid grid-cols-[repeat(auto-fill,minmax(300px,1fr))] gap-4"
        >
          <div>
            <a
              class="flex items-center flex-col block max-w-sm p-6 bg-amber-400 rounded-lg shadow hover:bg-amber-300"
              href="/1"
            >
              <div
                class="flex flex-row justify-between w-full"
              >
                <h5
                  class="mb-2 text-2xl font-bold capitalize"
                >
                  bulbasaur
                </h5>
                <h5
                  class="mb-2 text-2xl font-bold capitalize"
                >
                  #1
                </h5>
              </div>
              <img
                alt="image description"
                class="h-auto max-w-full"
                data-nimg="1"
                decoding="async"
                height="500"
                loading="lazy"
                src="/_next/image?url=https%3A%2F%2Fraw.githubusercontent.com%2FPokeAPI%2Fsprites%2Fmaster%2Fsprites%2Fpokemon%2Fother%2Fofficial-artwork%2F1.png&w=1080&q=75"
                srcset="/_next/image?url=https%3A%2F%2Fraw.githubusercontent.com%2FPokeAPI%2Fsprites%2Fmaster%2Fsprites%2Fpokemon%2Fother%2Fofficial-artwork%2F1.png&w=640&q=75 1x, /_next/image?url=https%3A%2F%2Fraw.githubusercontent.com%2FPokeAPI%2Fsprites%2Fmaster%2Fsprites%2Fpokemon%2Fother%2Fofficial-artwork%2F1.png&w=1080&q=75 2x"
                style="color: transparent; background: rgb(222, 222, 222);"
                width="500"
              />
            </a>
          </div>
          <div>
            <a
              class="flex items-center flex-col block max-w-sm p-6 bg-amber-400 rounded-lg shadow hover:bg-amber-300"
              href="/2"
            >
              <div
                class="flex flex-row justify-between w-full"
              >
                <h5
                  class="mb-2 text-2xl font-bold capitalize"
                >
                  ivysaur
                </h5>
                <h5
                  class="mb-2 text-2xl font-bold capitalize"
                >
                  #2
                </h5>
              </div>
              <img
                alt="image description"
                class="h-auto max-w-full"
                data-nimg="1"
                decoding="async"
                height="500"
                loading="lazy"
                src="/_next/image?url=https%3A%2F%2Fraw.githubusercontent.com%2FPokeAPI%2Fsprites%2Fmaster%2Fsprites%2Fpokemon%2Fother%2Fofficial-artwork%2F2.png&w=1080&q=75"
                srcset="/_next/image?url=https%3A%2F%2Fraw.githubusercontent.com%2FPokeAPI%2Fsprites%2Fmaster%2Fsprites%2Fpokemon%2Fother%2Fofficial-artwork%2F2.png&w=640&q=75 1x, /_next/image?url=https%3A%2F%2Fraw.githubusercontent.com%2FPokeAPI%2Fsprites%2Fmaster%2Fsprites%2Fpokemon%2Fother%2Fofficial-artwork%2F2.png&w=1080&q=75 2x"
                style="color: transparent; background: rgb(222, 222, 222);"
                width="500"
              />
            </a>
          </div>
          <div>
            <a
              class="flex items-center flex-col block max-w-sm p-6 bg-amber-400 rounded-lg shadow hover:bg-amber-300"
              href="/3"
            >
              <div
                class="flex flex-row justify-between w-full"
              >
                <h5
                  class="mb-2 text-2xl font-bold capitalize"
                >
                  venusaur
                </h5>
                <h5
                  class="mb-2 text-2xl font-bold capitalize"
                >
                  #3
                </h5>
              </div>
              <img
                alt="image description"
                class="h-auto max-w-full"
                data-nimg="1"
                decoding="async"
                height="500"
                loading="lazy"
                src="/_next/image?url=https%3A%2F%2Fraw.githubusercontent.com%2FPokeAPI%2Fsprites%2Fmaster%2Fsprites%2Fpokemon%2Fother%2Fofficial-artwork%2F3.png&w=1080&q=75"
                srcset="/_next/image?url=https%3A%2F%2Fraw.githubusercontent.com%2FPokeAPI%2Fsprites%2Fmaster%2Fsprites%2Fpokemon%2Fother%2Fofficial-artwork%2F3.png&w=640&q=75 1x, /_next/image?url=https%3A%2F%2Fraw.githubusercontent.com%2FPokeAPI%2Fsprites%2Fmaster%2Fsprites%2Fpokemon%2Fother%2Fofficial-artwork%2F3.png&w=1080&q=75 2x"
                style="color: transparent; background: rgb(222, 222, 222);"
                width="500"
              />
            </a>
          </div>
          <div>
            <a
              class="flex items-center flex-col block max-w-sm p-6 bg-amber-400 rounded-lg shadow hover:bg-amber-300"
              href="/4"
            >
              <div
                class="flex flex-row justify-between w-full"
              >
                <h5
                  class="mb-2 text-2xl font-bold capitalize"
                >
                  charmander
                </h5>
                <h5
                  class="mb-2 text-2xl font-bold capitalize"
                >
                  #4
                </h5>
              </div>
              <img
                alt="image description"
                class="h-auto max-w-full"
                data-nimg="1"
                decoding="async"
                height="500"
                loading="lazy"
                src="/_next/image?url=https%3A%2F%2Fraw.githubusercontent.com%2FPokeAPI%2Fsprites%2Fmaster%2Fsprites%2Fpokemon%2Fother%2Fofficial-artwork%2F4.png&w=1080&q=75"
                srcset="/_next/image?url=https%3A%2F%2Fraw.githubusercontent.com%2FPokeAPI%2Fsprites%2Fmaster%2Fsprites%2Fpokemon%2Fother%2Fofficial-artwork%2F4.png&w=640&q=75 1x, /_next/image?url=https%3A%2F%2Fraw.githubusercontent.com%2FPokeAPI%2Fsprites%2Fmaster%2Fsprites%2Fpokemon%2Fother%2Fofficial-artwork%2F4.png&w=1080&q=75 2x"
                style="color: transparent; background: rgb(222, 222, 222);"
                width="500"
              />
            </a>
          </div>
          <div>
            <a
              class="flex items-center flex-col block max-w-sm p-6 bg-amber-400 rounded-lg shadow hover:bg-amber-300"
              href="/5"
            >
              <div
                class="flex flex-row justify-between w-full"
              >
                <h5
                  class="mb-2 text-2xl font-bold capitalize"
                >
                  charmeleon
                </h5>
                <h5
                  class="mb-2 text-2xl font-bold capitalize"
                >
                  #5
                </h5>
              </div>
              <img
                alt="image description"
                class="h-auto max-w-full"
                data-nimg="1"
                decoding="async"
                height="500"
                loading="lazy"
                src="/_next/image?url=https%3A%2F%2Fraw.githubusercontent.com%2FPokeAPI%2Fsprites%2Fmaster%2Fsprites%2Fpokemon%2Fother%2Fofficial-artwork%2F5.png&w=1080&q=75"
                srcset="/_next/image?url=https%3A%2F%2Fraw.githubusercontent.com%2FPokeAPI%2Fsprites%2Fmaster%2Fsprites%2Fpokemon%2Fother%2Fofficial-artwork%2F5.png&w=640&q=75 1x, /_next/image?url=https%3A%2F%2Fraw.githubusercontent.com%2FPokeAPI%2Fsprites%2Fmaster%2Fsprites%2Fpokemon%2Fother%2Fofficial-artwork%2F5.png&w=1080&q=75 2x"
                style="color: transparent; background: rgb(222, 222, 222);"
                width="500"
              />
            </a>
          </div>
          <div>
            <a
              class="flex items-center flex-col block max-w-sm p-6 bg-amber-400 rounded-lg shadow hover:bg-amber-300"
              href="/6"
            >
              <div
                class="flex flex-row justify-between w-full"
              >
                <h5
                  class="mb-2 text-2xl font-bold capitalize"
                >
                  charizard
                </h5>
                <h5
                  class="mb-2 text-2xl font-bold capitalize"
                >
                  #6
                </h5>
              </div>
              <img
                alt="image description"
                class="h-auto max-w-full"
                data-nimg="1"
                decoding="async"
                height="500"
                loading="lazy"
                src="/_next/image?url=https%3A%2F%2Fraw.githubusercontent.com%2FPokeAPI%2Fsprites%2Fmaster%2Fsprites%2Fpokemon%2Fother%2Fofficial-artwork%2F6.png&w=1080&q=75"
                srcset="/_next/image?url=https%3A%2F%2Fraw.githubusercontent.com%2FPokeAPI%2Fsprites%2Fmaster%2Fsprites%2Fpokemon%2Fother%2Fofficial-artwork%2F6.png&w=640&q=75 1x, /_next/image?url=https%3A%2F%2Fraw.githubusercontent.com%2FPokeAPI%2Fsprites%2Fmaster%2Fsprites%2Fpokemon%2Fother%2Fofficial-artwork%2F6.png&w=1080&q=75 2x"
                style="color: transparent; background: rgb(222, 222, 222);"
                width="500"
              />
            </a>
          </div>
          <div>
            <a
              class="flex items-center flex-col block max-w-sm p-6 bg-amber-400 rounded-lg shadow hover:bg-amber-300"
              href="/7"
            >
              <div
                class="flex flex-row justify-between w-full"
              >
                <h5
                  class="mb-2 text-2xl font-bold capitalize"
                >
                  squirtle
                </h5>
                <h5
                  class="mb-2 text-2xl font-bold capitalize"
                >
                  #7
                </h5>
              </div>
              <img
                alt="image description"
                class="h-auto max-w-full"
                data-nimg="1"
                decoding="async"
                height="500"
                loading="lazy"
                src="/_next/image?url=https%3A%2F%2Fraw.githubusercontent.com%2FPokeAPI%2Fsprites%2Fmaster%2Fsprites%2Fpokemon%2Fother%2Fofficial-artwork%2F7.png&w=1080&q=75"
                srcset="/_next/image?url=https%3A%2F%2Fraw.githubusercontent.com%2FPokeAPI%2Fsprites%2Fmaster%2Fsprites%2Fpokemon%2Fother%2Fofficial-artwork%2F7.png&w=640&q=75 1x, /_next/image?url=https%3A%2F%2Fraw.githubusercontent.com%2FPokeAPI%2Fsprites%2Fmaster%2Fsprites%2Fpokemon%2Fother%2Fofficial-artwork%2F7.png&w=1080&q=75 2x"
                style="color: transparent; background: rgb(222, 222, 222);"
                width="500"
              />
            </a>
          </div>
          <div>
            <a
              class="flex items-center flex-col block max-w-sm p-6 bg-amber-400 rounded-lg shadow hover:bg-amber-300"
              href="/8"
            >
              <div
                class="flex flex-row justify-between w-full"
              >
                <h5
                  class="mb-2 text-2xl font-bold capitalize"
                >
                  wartortle
                </h5>
                <h5
                  class="mb-2 text-2xl font-bold capitalize"
                >
                  #8
                </h5>
              </div>
              <img
                alt="image description"
                class="h-auto max-w-full"
                data-nimg="1"
                decoding="async"
                height="500"
                loading="lazy"
                src="/_next/image?url=https%3A%2F%2Fraw.githubusercontent.com%2FPokeAPI%2Fsprites%2Fmaster%2Fsprites%2Fpokemon%2Fother%2Fofficial-artwork%2F8.png&w=1080&q=75"
                srcset="/_next/image?url=https%3A%2F%2Fraw.githubusercontent.com%2FPokeAPI%2Fsprites%2Fmaster%2Fsprites%2Fpokemon%2Fother%2Fofficial-artwork%2F8.png&w=640&q=75 1x, /_next/image?url=https%3A%2F%2Fraw.githubusercontent.com%2FPokeAPI%2Fsprites%2Fmaster%2Fsprites%2Fpokemon%2Fother%2Fofficial-artwork%2F8.png&w=1080&q=75 2x"
                style="color: transparent; background: rgb(222, 222, 222);"
                width="500"
              />
            </a>
          </div>
          <div>
            <a
              class="flex items-center flex-col block max-w-sm p-6 bg-amber-400 rounded-lg shadow hover:bg-amber-300"
              href="/9"
            >
              <div
                class="flex flex-row justify-between w-full"
              >
                <h5
                  class="mb-2 text-2xl font-bold capitalize"
                >
                  blastoise
                </h5>
                <h5
                  class="mb-2 text-2xl font-bold capitalize"
                >
                  #9
                </h5>
              </div>
              <img
                alt="image description"
                class="h-auto max-w-full"
                data-nimg="1"
                decoding="async"
                height="500"
                loading="lazy"
                src="/_next/image?url=https%3A%2F%2Fraw.githubusercontent.com%2FPokeAPI%2Fsprites%2Fmaster%2Fsprites%2Fpokemon%2Fother%2Fofficial-artwork%2F9.png&w=1080&q=75"
                srcset="/_next/image?url=https%3A%2F%2Fraw.githubusercontent.com%2FPokeAPI%2Fsprites%2Fmaster%2Fsprites%2Fpokemon%2Fother%2Fofficial-artwork%2F9.png&w=640&q=75 1x, /_next/image?url=https%3A%2F%2Fraw.githubusercontent.com%2FPokeAPI%2Fsprites%2Fmaster%2Fsprites%2Fpokemon%2Fother%2Fofficial-artwork%2F9.png&w=1080&q=75 2x"
                style="color: transparent; background: rgb(222, 222, 222);"
                width="500"
              />
            </a>
          </div>
          <div>
            <a
              class="flex items-center flex-col block max-w-sm p-6 bg-amber-400 rounded-lg shadow hover:bg-amber-300"
              href="/10"
            >
              <div
                class="flex flex-row justify-between w-full"
              >
                <h5
                  class="mb-2 text-2xl font-bold capitalize"
                >
                  caterpie
                </h5>
                <h5
                  class="mb-2 text-2xl font-bold capitalize"
                >
                  #10
                </h5>
              </div>
              <img
                alt="image description"
                class="h-auto max-w-full"
                data-nimg="1"
                decoding="async"
                height="500"
                loading="lazy"
                src="/_next/image?url=https%3A%2F%2Fraw.githubusercontent.com%2FPokeAPI%2Fsprites%2Fmaster%2Fsprites%2Fpokemon%2Fother%2Fofficial-artwork%2F10.png&w=1080&q=75"
                srcset="/_next/image?url=https%3A%2F%2Fraw.githubusercontent.com%2FPokeAPI%2Fsprites%2Fmaster%2Fsprites%2Fpokemon%2Fother%2Fofficial-artwork%2F10.png&w=640&q=75 1x, /_next/image?url=https%3A%2F%2Fraw.githubusercontent.com%2FPokeAPI%2Fsprites%2Fmaster%2Fsprites%2Fpokemon%2Fother%2Fofficial-artwork%2F10.png&w=1080&q=75 2x"
                style="color: transparent; background: rgb(222, 222, 222);"
                width="500"
              />
            </a>
          </div>
          <div>
            <a
              class="flex items-center flex-col block max-w-sm p-6 bg-amber-400 rounded-lg shadow hover:bg-amber-300"
              href="/11"
            >
              <div
                class="flex flex-row justify-between w-full"
              >
                <h5
                  class="mb-2 text-2xl font-bold capitalize"
                >
                  metapod
                </h5>
                <h5
                  class="mb-2 text-2xl font-bold capitalize"
                >
                  #11
                </h5>
              </div>
              <img
                alt="image description"
                class="h-auto max-w-full"
                data-nimg="1"
                decoding="async"
                height="500"
                loading="lazy"
                src="/_next/image?url=https%3A%2F%2Fraw.githubusercontent.com%2FPokeAPI%2Fsprites%2Fmaster%2Fsprites%2Fpokemon%2Fother%2Fofficial-artwork%2F11.png&w=1080&q=75"
                srcset="/_next/image?url=https%3A%2F%2Fraw.githubusercontent.com%2FPokeAPI%2Fsprites%2Fmaster%2Fsprites%2Fpokemon%2Fother%2Fofficial-artwork%2F11.png&w=640&q=75 1x, /_next/image?url=https%3A%2F%2Fraw.githubusercontent.com%2FPokeAPI%2Fsprites%2Fmaster%2Fsprites%2Fpokemon%2Fother%2Fofficial-artwork%2F11.png&w=1080&q=75 2x"
                style="color: transparent; background: rgb(222, 222, 222);"
                width="500"
              />
            </a>
          </div>
          <div>
            <a
              class="flex items-center flex-col block max-w-sm p-6 bg-amber-400 rounded-lg shadow hover:bg-amber-300"
              href="/12"
            >
              <div
                class="flex flex-row justify-between w-full"
              >
                <h5
                  class="mb-2 text-2xl font-bold capitalize"
                >
                  butterfree
                </h5>
                <h5
                  class="mb-2 text-2xl font-bold capitalize"
                >
                  #12
                </h5>
              </div>
              <img
                alt="image description"
                class="h-auto max-w-full"
                data-nimg="1"
                decoding="async"
                height="500"
                loading="lazy"
                src="/_next/image?url=https%3A%2F%2Fraw.githubusercontent.com%2FPokeAPI%2Fsprites%2Fmaster%2Fsprites%2Fpokemon%2Fother%2Fofficial-artwork%2F12.png&w=1080&q=75"
                srcset="/_next/image?url=https%3A%2F%2Fraw.githubusercontent.com%2FPokeAPI%2Fsprites%2Fmaster%2Fsprites%2Fpokemon%2Fother%2Fofficial-artwork%2F12.png&w=640&q=75 1x, /_next/image?url=https%3A%2F%2Fraw.githubusercontent.com%2FPokeAPI%2Fsprites%2Fmaster%2Fsprites%2Fpokemon%2Fother%2Fofficial-artwork%2F12.png&w=1080&q=75 2x"
                style="color: transparent; background: rgb(222, 222, 222);"
                width="500"
              />
            </a>
          </div>
          <div>
            <a
              class="flex items-center flex-col block max-w-sm p-6 bg-amber-400 rounded-lg shadow hover:bg-amber-300"
              href="/13"
            >
              <div
                class="flex flex-row justify-between w-full"
              >
                <h5
                  class="mb-2 text-2xl font-bold capitalize"
                >
                  weedle
                </h5>
                <h5
                  class="mb-2 text-2xl font-bold capitalize"
                >
                  #13
                </h5>
              </div>
              <img
                alt="image description"
                class="h-auto max-w-full"
                data-nimg="1"
                decoding="async"
                height="500"
                loading="lazy"
                src="/_next/image?url=https%3A%2F%2Fraw.githubusercontent.com%2FPokeAPI%2Fsprites%2Fmaster%2Fsprites%2Fpokemon%2Fother%2Fofficial-artwork%2F13.png&w=1080&q=75"
                srcset="/_next/image?url=https%3A%2F%2Fraw.githubusercontent.com%2FPokeAPI%2Fsprites%2Fmaster%2Fsprites%2Fpokemon%2Fother%2Fofficial-artwork%2F13.png&w=640&q=75 1x, /_next/image?url=https%3A%2F%2Fraw.githubusercontent.com%2FPokeAPI%2Fsprites%2Fmaster%2Fsprites%2Fpokemon%2Fother%2Fofficial-artwork%2F13.png&w=1080&q=75 2x"
                style="color: transparent; background: rgb(222, 222, 222);"
                width="500"
              />
            </a>
          </div>
          <div>
            <a
              class="flex items-center flex-col block max-w-sm p-6 bg-amber-400 rounded-lg shadow hover:bg-amber-300"
              href="/14"
            >
              <div
                class="flex flex-row justify-between w-full"
              >
                <h5
                  class="mb-2 text-2xl font-bold capitalize"
                >
                  kakuna
                </h5>
                <h5
                  class="mb-2 text-2xl font-bold capitalize"
                >
                  #14
                </h5>
              </div>
              <img
                alt="image description"
                class="h-auto max-w-full"
                data-nimg="1"
                decoding="async"
                height="500"
                loading="lazy"
                src="/_next/image?url=https%3A%2F%2Fraw.githubusercontent.com%2FPokeAPI%2Fsprites%2Fmaster%2Fsprites%2Fpokemon%2Fother%2Fofficial-artwork%2F14.png&w=1080&q=75"
                srcset="/_next/image?url=https%3A%2F%2Fraw.githubusercontent.com%2FPokeAPI%2Fsprites%2Fmaster%2Fsprites%2Fpokemon%2Fother%2Fofficial-artwork%2F14.png&w=640&q=75 1x, /_next/image?url=https%3A%2F%2Fraw.githubusercontent.com%2FPokeAPI%2Fsprites%2Fmaster%2Fsprites%2Fpokemon%2Fother%2Fofficial-artwork%2F14.png&w=1080&q=75 2x"
                style="color: transparent; background: rgb(222, 222, 222);"
                width="500"
              />
            </a>
          </div>
          <div>
            <a
              class="flex items-center flex-col block max-w-sm p-6 bg-amber-400 rounded-lg shadow hover:bg-amber-300"
              href="/15"
            >
              <div
                class="flex flex-row justify-between w-full"
              >
                <h5
                  class="mb-2 text-2xl font-bold capitalize"
                >
                  beedrill
                </h5>
                <h5
                  class="mb-2 text-2xl font-bold capitalize"
                >
                  #15
                </h5>
              </div>
              <img
                alt="image description"
                class="h-auto max-w-full"
                data-nimg="1"
                decoding="async"
                height="500"
                loading="lazy"
                src="/_next/image?url=https%3A%2F%2Fraw.githubusercontent.com%2FPokeAPI%2Fsprites%2Fmaster%2Fsprites%2Fpokemon%2Fother%2Fofficial-artwork%2F15.png&w=1080&q=75"
                srcset="/_next/image?url=https%3A%2F%2Fraw.githubusercontent.com%2FPokeAPI%2Fsprites%2Fmaster%2Fsprites%2Fpokemon%2Fother%2Fofficial-artwork%2F15.png&w=640&q=75 1x, /_next/image?url=https%3A%2F%2Fraw.githubusercontent.com%2FPokeAPI%2Fsprites%2Fmaster%2Fsprites%2Fpokemon%2Fother%2Fofficial-artwork%2F15.png&w=1080&q=75 2x"
                style="color: transparent; background: rgb(222, 222, 222);"
                width="500"
              />
            </a>
          </div>
          <div>
            <a
              class="flex items-center flex-col block max-w-sm p-6 bg-amber-400 rounded-lg shadow hover:bg-amber-300"
              href="/16"
            >
              <div
                class="flex flex-row justify-between w-full"
              >
                <h5
                  class="mb-2 text-2xl font-bold capitalize"
                >
                  pidgey
                </h5>
                <h5
                  class="mb-2 text-2xl font-bold capitalize"
                >
                  #16
                </h5>
              </div>
              <img
                alt="image description"
                class="h-auto max-w-full"
                data-nimg="1"
                decoding="async"
                height="500"
                loading="lazy"
                src="/_next/image?url=https%3A%2F%2Fraw.githubusercontent.com%2FPokeAPI%2Fsprites%2Fmaster%2Fsprites%2Fpokemon%2Fother%2Fofficial-artwork%2F16.png&w=1080&q=75"
                srcset="/_next/image?url=https%3A%2F%2Fraw.githubusercontent.com%2FPokeAPI%2Fsprites%2Fmaster%2Fsprites%2Fpokemon%2Fother%2Fofficial-artwork%2F16.png&w=640&q=75 1x, /_next/image?url=https%3A%2F%2Fraw.githubusercontent.com%2FPokeAPI%2Fsprites%2Fmaster%2Fsprites%2Fpokemon%2Fother%2Fofficial-artwork%2F16.png&w=1080&q=75 2x"
                style="color: transparent; background: rgb(222, 222, 222);"
                width="500"
              />
            </a>
          </div>
          <div>
            <a
              class="flex items-center flex-col block max-w-sm p-6 bg-amber-400 rounded-lg shadow hover:bg-amber-300"
              href="/17"
            >
              <div
                class="flex flex-row justify-between w-full"
              >
                <h5
                  class="mb-2 text-2xl font-bold capitalize"
                >
                  pidgeotto
                </h5>
                <h5
                  class="mb-2 text-2xl font-bold capitalize"
                >
                  #17
                </h5>
              </div>
              <img
                alt="image description"
                class="h-auto max-w-full"
                data-nimg="1"
                decoding="async"
                height="500"
                loading="lazy"
                src="/_next/image?url=https%3A%2F%2Fraw.githubusercontent.com%2FPokeAPI%2Fsprites%2Fmaster%2Fsprites%2Fpokemon%2Fother%2Fofficial-artwork%2F17.png&w=1080&q=75"
                srcset="/_next/image?url=https%3A%2F%2Fraw.githubusercontent.com%2FPokeAPI%2Fsprites%2Fmaster%2Fsprites%2Fpokemon%2Fother%2Fofficial-artwork%2F17.png&w=640&q=75 1x, /_next/image?url=https%3A%2F%2Fraw.githubusercontent.com%2FPokeAPI%2Fsprites%2Fmaster%2Fsprites%2Fpokemon%2Fother%2Fofficial-artwork%2F17.png&w=1080&q=75 2x"
                style="color: transparent; background: rgb(222, 222, 222);"
                width="500"
              />
            </a>
          </div>
          <div>
            <a
              class="flex items-center flex-col block max-w-sm p-6 bg-amber-400 rounded-lg shadow hover:bg-amber-300"
              href="/18"
            >
              <div
                class="flex flex-row justify-between w-full"
              >
                <h5
                  class="mb-2 text-2xl font-bold capitalize"
                >
                  pidgeot
                </h5>
                <h5
                  class="mb-2 text-2xl font-bold capitalize"
                >
                  #18
                </h5>
              </div>
              <img
                alt="image description"
                class="h-auto max-w-full"
                data-nimg="1"
                decoding="async"
                height="500"
                loading="lazy"
                src="/_next/image?url=https%3A%2F%2Fraw.githubusercontent.com%2FPokeAPI%2Fsprites%2Fmaster%2Fsprites%2Fpokemon%2Fother%2Fofficial-artwork%2F18.png&w=1080&q=75"
                srcset="/_next/image?url=https%3A%2F%2Fraw.githubusercontent.com%2FPokeAPI%2Fsprites%2Fmaster%2Fsprites%2Fpokemon%2Fother%2Fofficial-artwork%2F18.png&w=640&q=75 1x, /_next/image?url=https%3A%2F%2Fraw.githubusercontent.com%2FPokeAPI%2Fsprites%2Fmaster%2Fsprites%2Fpokemon%2Fother%2Fofficial-artwork%2F18.png&w=1080&q=75 2x"
                style="color: transparent; background: rgb(222, 222, 222);"
                width="500"
              />
            </a>
          </div>
          <div>
            <a
              class="flex items-center flex-col block max-w-sm p-6 bg-amber-400 rounded-lg shadow hover:bg-amber-300"
              href="/19"
            >
              <div
                class="flex flex-row justify-between w-full"
              >
                <h5
                  class="mb-2 text-2xl font-bold capitalize"
                >
                  rattata
                </h5>
                <h5
                  class="mb-2 text-2xl font-bold capitalize"
                >
                  #19
                </h5>
              </div>
              <img
                alt="image description"
                class="h-auto max-w-full"
                data-nimg="1"
                decoding="async"
                height="500"
                loading="lazy"
                src="/_next/image?url=https%3A%2F%2Fraw.githubusercontent.com%2FPokeAPI%2Fsprites%2Fmaster%2Fsprites%2Fpokemon%2Fother%2Fofficial-artwork%2F19.png&w=1080&q=75"
                srcset="/_next/image?url=https%3A%2F%2Fraw.githubusercontent.com%2FPokeAPI%2Fsprites%2Fmaster%2Fsprites%2Fpokemon%2Fother%2Fofficial-artwork%2F19.png&w=640&q=75 1x, /_next/image?url=https%3A%2F%2Fraw.githubusercontent.com%2FPokeAPI%2Fsprites%2Fmaster%2Fsprites%2Fpokemon%2Fother%2Fofficial-artwork%2F19.png&w=1080&q=75 2x"
                style="color: transparent; background: rgb(222, 222, 222);"
                width="500"
              />
            </a>
          </div>
          <div>
            <a
              class="flex items-center flex-col block max-w-sm p-6 bg-amber-400 rounded-lg shadow hover:bg-amber-300"
              href="/20"
            >
              <div
                class="flex flex-row justify-between w-full"
              >
                <h5
                  class="mb-2 text-2xl font-bold capitalize"
                >
                  raticate
                </h5>
                <h5
                  class="mb-2 text-2xl font-bold capitalize"
                >
                  #20
                </h5>
              </div>
              <img
                alt="image description"
                class="h-auto max-w-full"
                data-nimg="1"
                decoding="async"
                height="500"
                loading="lazy"
                src="/_next/image?url=https%3A%2F%2Fraw.githubusercontent.com%2FPokeAPI%2Fsprites%2Fmaster%2Fsprites%2Fpokemon%2Fother%2Fofficial-artwork%2F20.png&w=1080&q=75"
                srcset="/_next/image?url=https%3A%2F%2Fraw.githubusercontent.com%2FPokeAPI%2Fsprites%2Fmaster%2Fsprites%2Fpokemon%2Fother%2Fofficial-artwork%2F20.png&w=640&q=75 1x, /_next/image?url=https%3A%2F%2Fraw.githubusercontent.com%2FPokeAPI%2Fsprites%2Fmaster%2Fsprites%2Fpokemon%2Fother%2Fofficial-artwork%2F20.png&w=1080&q=75 2x"
                style="color: transparent; background: rgb(222, 222, 222);"
                width="500"
              />
            </a>
          </div>
        </div>
        <div
          class="mt-4 flex justify-end"
        >
          <div
            class="flex flex-row items-center"
          >
            <span
              class="text-sm text-gray-700"
            >
              Showing
               
              <span
                class="font-semibold text-gray-900"
              >
                1
              </span>
               to
               
              <span
                class="font-semibold text-gray-900"
              >
                20
              </span>
               of
               
              <span
                class="font-semibold text-gray-900"
              >
                1025
              </span>
               Entries
            </span>
            <div
              class="inline-flex ml-4"
            >
              <button
                class="flex items-center justify-center px-3 h-8 text-sm font-medium text-white bg-emerald-800 rounded-s hover:bg-emerald-900"
                disabled=""
              >
                Prev
              </button>
              <button
                class="flex items-center justify-center px-3 h-8 text-sm font-medium text-white bg-emerald-800 border-0 border-s border-gray-700 rounded-e hover:bg-emerald-900"
              >
                Next
              </button>
            </div>
          </div>
        </div>
      </div>
    </div>
  </div>
</body>
`;
